

================================================================
== Vivado HLS Report for 'mean_value_accel'
================================================================
* Date:           Fri Apr 21 15:15:33 2017

* Version:        2017.1 (Build 1846317 on Tue Apr 18 19:02:30 MDT 2017)
* Project:        mean_value_accel
* Solution:       solution
* Product family: zynq
* Target device:  xc7z045ffg900-2


================================================================
== Performance Estimates
================================================================
+ Timing (ns): 
    * Summary: 
    +--------+-------+----------+------------+
    |  Clock | Target| Estimated| Uncertainty|
    +--------+-------+----------+------------+
    |ap_clk  |   7.00|      6.13|        0.88|
    +--------+-------+----------+------------+

+ Latency (clock cycles): 
    * Summary: 
    +------+------+------+------+---------+
    |   Latency   |   Interval  | Pipeline|
    |  min |  max |  min |  max |   Type  |
    +------+------+------+------+---------+
    |  2566|  2566|  2567|  2567|   none  |
    +------+------+------+------+---------+

    + Detail: 
        * Instance: 
        N/A

        * Loop: 
        +----------------+------+------+----------+-----------+-----------+------+----------+
        |                |   Latency   | Iteration|  Initiation Interval  | Trip |          |
        |    Loop Name   |  min |  max |  Latency |  achieved |   target  | Count| Pipelined|
        +----------------+------+------+----------+-----------+-----------+------+----------+
        |- input_read    |   257|   257|         3|          1|          1|   256|    yes   |
        |- calc_mv       |  2032|  2032|         8|          -|          -|   254|    no    |
        |- output_write  |   255|   255|         3|          1|          1|   254|    yes   |
        +----------------+------+------+----------+-----------+-----------+------+----------+

============================================================
+ Verbose Summary: Synthesis Manager
============================================================
InlineROM: 1
ExposeGlobal: 0
============================================================
+ Verbose Summary: CDFG Model
============================================================
IsTopModel: 1
ResetActiveHigh: 1
IsCombinational: 0
IsDatapathOnly: 0
HasWiredReturn: 1
HasMFsm: 0
HasVarLatency: 1
IsPipeline: 0
IsRtlPipelined: 0
IsInstanceOverlapped: 0
IsDontTouch: 0
HasImplIP: 0
IsGatedGlobalClock: 0

+ Individual pipeline summary: 
  * Pipeline-0: initiation interval (II) = 1, depth = 3
  * Pipeline-1: initiation interval (II) = 1, depth = 3


============================================================
+ Verbose Summary: Schedule
============================================================
* Number of FSM states: 34
* Pipeline: 2
  Pipeline-0: II = 1, D = 3, States = { 8 9 10 }
  Pipeline-1: II = 1, D = 3, States = { 27 28 29 }
* Dataflow Pipeline: 0

* FSM state transitions: 
1 --> 
	2  / true
2 --> 
	3  / true
3 --> 
	4  / true
4 --> 
	5  / true
5 --> 
	6  / true
6 --> 
	7  / true
7 --> 
	8  / true
8 --> 
	11  / (!tmp)
	9  / (tmp)
9 --> 
	10  / true
10 --> 
	8  / true
11 --> 
	12  / true
12 --> 
	13  / (tmp_3)
	20  / (!tmp_3)
13 --> 
	14  / true
14 --> 
	15  / true
15 --> 
	16  / true
16 --> 
	17  / true
17 --> 
	18  / true
18 --> 
	19  / true
19 --> 
	12  / true
20 --> 
	21  / true
21 --> 
	22  / true
22 --> 
	23  / true
23 --> 
	24  / true
24 --> 
	25  / true
25 --> 
	26  / true
26 --> 
	27  / true
27 --> 
	30  / (!tmp_13)
	28  / (tmp_13)
28 --> 
	29  / true
29 --> 
	27  / true
30 --> 
	31  / true
31 --> 
	32  / true
32 --> 
	33  / true
33 --> 
	34  / true
34 --> 
* FSM state operations: 

 <State 1>: 6.13ns
ST_1: size_read (6)  [1/1] 0.00ns
:0  %size_read = call i32 @_ssdm_op_Read.ap_auto.i32(i32 %size)

ST_1: in_offset_read (8)  [1/1] 0.00ns
:2  %in_offset_read = call i32 @_ssdm_op_Read.ap_auto.i32(i32 %in_offset)

ST_1: in_offset1 (12)  [1/1] 0.00ns
:6  %in_offset1 = call i30 @_ssdm_op_PartSelect.i30.i32.i32.i32(i32 %in_offset_read, i32 2, i32 31)

ST_1: tmp_18 (13)  [1/1] 0.00ns
:7  %tmp_18 = zext i30 %in_offset1 to i32

ST_1: in_addr (14)  [1/1] 0.00ns
:8  %in_addr = getelementptr i32* %in_r, i32 %tmp_18

ST_1: local_buffer (19)  [1/1] 0.00ns  loc: /proj/xhdhdstaff2/kalib/sprite_makefile_dev/apps/cpp/getting_started/dependence_inter/src/mean_value.cpp:59
:13  %local_buffer = alloca [2048 x i32], align 4

ST_1: in_addr_1_rd_req (23)  [7/7] 6.13ns  loc: /proj/xhdhdstaff2/kalib/sprite_makefile_dev/apps/cpp/getting_started/dependence_inter/src/mean_value.cpp:65
:17  %in_addr_1_rd_req = call i1 @_ssdm_op_ReadReq.m_axi.i32P(i32* %in_addr, i32 %size_read)


 <State 2>: 6.13ns
ST_2: in_addr_1_rd_req (23)  [6/7] 6.13ns  loc: /proj/xhdhdstaff2/kalib/sprite_makefile_dev/apps/cpp/getting_started/dependence_inter/src/mean_value.cpp:65
:17  %in_addr_1_rd_req = call i1 @_ssdm_op_ReadReq.m_axi.i32P(i32* %in_addr, i32 %size_read)


 <State 3>: 6.13ns
ST_3: in_addr_1_rd_req (23)  [5/7] 6.13ns  loc: /proj/xhdhdstaff2/kalib/sprite_makefile_dev/apps/cpp/getting_started/dependence_inter/src/mean_value.cpp:65
:17  %in_addr_1_rd_req = call i1 @_ssdm_op_ReadReq.m_axi.i32P(i32* %in_addr, i32 %size_read)


 <State 4>: 6.13ns
ST_4: in_addr_1_rd_req (23)  [4/7] 6.13ns  loc: /proj/xhdhdstaff2/kalib/sprite_makefile_dev/apps/cpp/getting_started/dependence_inter/src/mean_value.cpp:65
:17  %in_addr_1_rd_req = call i1 @_ssdm_op_ReadReq.m_axi.i32P(i32* %in_addr, i32 %size_read)


 <State 5>: 6.13ns
ST_5: in_addr_1_rd_req (23)  [3/7] 6.13ns  loc: /proj/xhdhdstaff2/kalib/sprite_makefile_dev/apps/cpp/getting_started/dependence_inter/src/mean_value.cpp:65
:17  %in_addr_1_rd_req = call i1 @_ssdm_op_ReadReq.m_axi.i32P(i32* %in_addr, i32 %size_read)


 <State 6>: 6.13ns
ST_6: in_addr_1_rd_req (23)  [2/7] 6.13ns  loc: /proj/xhdhdstaff2/kalib/sprite_makefile_dev/apps/cpp/getting_started/dependence_inter/src/mean_value.cpp:65
:17  %in_addr_1_rd_req = call i1 @_ssdm_op_ReadReq.m_axi.i32P(i32* %in_addr, i32 %size_read)


 <State 7>: 6.13ns
ST_7: out_offset_read (7)  [1/1] 0.00ns
:1  %out_offset_read = call i32 @_ssdm_op_Read.ap_auto.i32(i32 %out_offset)

ST_7: out_offset3 (9)  [1/1] 0.00ns
:3  %out_offset3 = call i30 @_ssdm_op_PartSelect.i30.i32.i32.i32(i32 %out_offset_read, i32 2, i32 31)

ST_7: tmp_6 (10)  [1/1] 0.00ns
:4  %tmp_6 = zext i30 %out_offset3 to i32

ST_7: out_addr (11)  [1/1] 0.00ns
:5  %out_addr = getelementptr i32* %out_r, i32 %tmp_6

ST_7: StgValue_51 (15)  [1/1] 0.00ns
:9  call void (...)* @_ssdm_op_SpecBitsMap(i32* %out_r), !map !16

ST_7: StgValue_52 (16)  [1/1] 0.00ns
:10  call void (...)* @_ssdm_op_SpecBitsMap(i32* %in_r), !map !20

ST_7: StgValue_53 (17)  [1/1] 0.00ns
:11  call void (...)* @_ssdm_op_SpecBitsMap(i32 %size) nounwind, !map !24

ST_7: StgValue_54 (18)  [1/1] 0.00ns
:12  call void (...)* @_ssdm_op_SpecTopModule([17 x i8]* @mean_value_accel_str) nounwind

ST_7: StgValue_55 (20)  [1/1] 0.00ns  loc: /proj/xhdhdstaff2/kalib/sprite_makefile_dev/apps/cpp/getting_started/dependence_inter/src/mean_value.cpp:58
:14  call void (...)* @_ssdm_op_SpecLatency(i32 1, i32 65535, [1 x i8]* @p_str) nounwind

ST_7: StgValue_56 (21)  [1/1] 0.00ns  loc: /proj/xhdhdstaff2/kalib/sprite_makefile_dev/apps/cpp/getting_started/dependence_inter/src/mean_value.cpp:58
:15  call void (...)* @_ssdm_op_SpecInterface(i32* %in_r, [6 x i8]* @p_str1, i32 0, i32 0, [1 x i8]* @p_str, i32 0, i32 0, [3 x i8]* @p_str2, [7 x i8]* @p_str3, [1 x i8]* @p_str, i32 16, i32 16, i32 16, i32 16, [1 x i8]* @p_str, [1 x i8]* @p_str) nounwind

ST_7: StgValue_57 (22)  [1/1] 0.00ns  loc: /proj/xhdhdstaff2/kalib/sprite_makefile_dev/apps/cpp/getting_started/dependence_inter/src/mean_value.cpp:58
:16  call void (...)* @_ssdm_op_SpecInterface(i32* %out_r, [6 x i8]* @p_str1, i32 0, i32 0, [1 x i8]* @p_str, i32 0, i32 0, [4 x i8]* @p_str4, [7 x i8]* @p_str3, [1 x i8]* @p_str, i32 16, i32 16, i32 16, i32 16, [1 x i8]* @p_str, [1 x i8]* @p_str) nounwind

ST_7: in_addr_1_rd_req (23)  [1/7] 6.13ns  loc: /proj/xhdhdstaff2/kalib/sprite_makefile_dev/apps/cpp/getting_started/dependence_inter/src/mean_value.cpp:65
:17  %in_addr_1_rd_req = call i1 @_ssdm_op_ReadReq.m_axi.i32P(i32* %in_addr, i32 %size_read)

ST_7: StgValue_59 (24)  [1/1] 1.30ns  loc: /proj/xhdhdstaff2/kalib/sprite_makefile_dev/apps/cpp/getting_started/dependence_inter/src/mean_value.cpp:62
:18  br label %1


 <State 8>: 2.67ns
ST_8: i (26)  [1/1] 0.00ns
:0  %i = phi i31 [ 0, %0 ], [ %i_1, %2 ]

ST_8: i_cast (27)  [1/1] 0.00ns  loc: /proj/xhdhdstaff2/kalib/sprite_makefile_dev/apps/cpp/getting_started/dependence_inter/src/mean_value.cpp:62
:1  %i_cast = zext i31 %i to i32

ST_8: tmp (28)  [1/1] 2.67ns  loc: /proj/xhdhdstaff2/kalib/sprite_makefile_dev/apps/cpp/getting_started/dependence_inter/src/mean_value.cpp:62
:2  %tmp = icmp slt i32 %i_cast, %size_read

ST_8: i_1 (29)  [1/1] 2.34ns  loc: /proj/xhdhdstaff2/kalib/sprite_makefile_dev/apps/cpp/getting_started/dependence_inter/src/mean_value.cpp:62
:3  %i_1 = add i31 %i, 1

ST_8: StgValue_64 (30)  [1/1] 0.00ns  loc: /proj/xhdhdstaff2/kalib/sprite_makefile_dev/apps/cpp/getting_started/dependence_inter/src/mean_value.cpp:62
:4  br i1 %tmp, label %2, label %.preheader.preheader


 <State 9>: 6.13ns
ST_9: in_addr_read (36)  [1/1] 6.13ns  loc: /proj/xhdhdstaff2/kalib/sprite_makefile_dev/apps/cpp/getting_started/dependence_inter/src/mean_value.cpp:65
:4  %in_addr_read = call i32 @_ssdm_op_Read.m_axi.i32P(i32* %in_addr)


 <State 10>: 2.77ns
ST_10: StgValue_66 (32)  [1/1] 0.00ns  loc: /proj/xhdhdstaff2/kalib/sprite_makefile_dev/apps/cpp/getting_started/dependence_inter/src/mean_value.cpp:62
:0  call void (...)* @_ssdm_op_SpecLoopName([11 x i8]* @p_str5) nounwind

ST_10: tmp_15 (33)  [1/1] 0.00ns  loc: /proj/xhdhdstaff2/kalib/sprite_makefile_dev/apps/cpp/getting_started/dependence_inter/src/mean_value.cpp:62
:1  %tmp_15 = call i32 (...)* @_ssdm_op_SpecRegionBegin([11 x i8]* @p_str5) nounwind

ST_10: StgValue_68 (34)  [1/1] 0.00ns  loc: /proj/xhdhdstaff2/kalib/sprite_makefile_dev/apps/cpp/getting_started/dependence_inter/src/mean_value.cpp:63
:2  call void (...)* @_ssdm_op_SpecPipeline(i32 -1, i32 1, i32 1, i32 0, [1 x i8]* @p_str) nounwind

ST_10: StgValue_69 (35)  [1/1] 0.00ns  loc: /proj/xhdhdstaff2/kalib/sprite_makefile_dev/apps/cpp/getting_started/dependence_inter/src/mean_value.cpp:64
:3  call void (...)* @_ssdm_op_SpecLoopTripCount(i32 256, i32 256, i32 256, [1 x i8]* @p_str) nounwind

ST_10: local_buffer_addr (37)  [1/1] 0.00ns  loc: /proj/xhdhdstaff2/kalib/sprite_makefile_dev/apps/cpp/getting_started/dependence_inter/src/mean_value.cpp:65
:5  %local_buffer_addr = getelementptr inbounds [2048 x i32]* %local_buffer, i32 0, i32 %i_cast

ST_10: StgValue_71 (38)  [1/1] 2.77ns  loc: /proj/xhdhdstaff2/kalib/sprite_makefile_dev/apps/cpp/getting_started/dependence_inter/src/mean_value.cpp:65
:6  store i32 %in_addr_read, i32* %local_buffer_addr, align 4

ST_10: empty (39)  [1/1] 0.00ns  loc: /proj/xhdhdstaff2/kalib/sprite_makefile_dev/apps/cpp/getting_started/dependence_inter/src/mean_value.cpp:66
:7  %empty = call i32 (...)* @_ssdm_op_SpecRegionEnd([11 x i8]* @p_str5, i32 %tmp_15) nounwind

ST_10: StgValue_73 (40)  [1/1] 0.00ns  loc: /proj/xhdhdstaff2/kalib/sprite_makefile_dev/apps/cpp/getting_started/dependence_inter/src/mean_value.cpp:62
:8  br label %1


 <State 11>: 2.37ns
ST_11: tmp_2 (42)  [1/1] 2.37ns  loc: /proj/xhdhdstaff2/kalib/sprite_makefile_dev/apps/cpp/getting_started/dependence_inter/src/mean_value.cpp:69
.preheader.preheader:0  %tmp_2 = add nsw i32 %size_read, -1

ST_11: local_buffer_addr_1 (43)  [1/1] 0.00ns  loc: /proj/xhdhdstaff2/kalib/sprite_makefile_dev/apps/cpp/getting_started/dependence_inter/src/mean_value.cpp:71
.preheader.preheader:1  %local_buffer_addr_1 = getelementptr inbounds [2048 x i32]* %local_buffer, i32 0, i32 0

ST_11: StgValue_76 (44)  [1/1] 1.30ns  loc: /proj/xhdhdstaff2/kalib/sprite_makefile_dev/apps/cpp/getting_started/dependence_inter/src/mean_value.cpp:69
.preheader.preheader:2  br label %.preheader


 <State 12>: 4.67ns
ST_12: i1 (46)  [1/1] 0.00ns
.preheader:0  %i1 = phi i31 [ %i_2, %3 ], [ 1, %.preheader.preheader ]

ST_12: i1_cast (47)  [1/1] 0.00ns  loc: /proj/xhdhdstaff2/kalib/sprite_makefile_dev/apps/cpp/getting_started/dependence_inter/src/mean_value.cpp:69
.preheader:1  %i1_cast = zext i31 %i1 to i32

ST_12: tmp_3 (48)  [1/1] 2.67ns  loc: /proj/xhdhdstaff2/kalib/sprite_makefile_dev/apps/cpp/getting_started/dependence_inter/src/mean_value.cpp:69
.preheader:2  %tmp_3 = icmp slt i32 %i1_cast, %tmp_2

ST_12: StgValue_80 (49)  [1/1] 0.00ns  loc: /proj/xhdhdstaff2/kalib/sprite_makefile_dev/apps/cpp/getting_started/dependence_inter/src/mean_value.cpp:69
.preheader:3  br i1 %tmp_3, label %3, label %4

ST_12: tmp_26 (54)  [1/1] 0.00ns  loc: /proj/xhdhdstaff2/kalib/sprite_makefile_dev/apps/cpp/getting_started/dependence_inter/src/mean_value.cpp:69
:3  %tmp_26 = trunc i31 %i1 to i13

ST_12: tmp_4 (55)  [1/1] 1.90ns  loc: /proj/xhdhdstaff2/kalib/sprite_makefile_dev/apps/cpp/getting_started/dependence_inter/src/mean_value.cpp:83
:4  %tmp_4 = add i13 -1, %tmp_26

ST_12: tmp_4_cast (56)  [1/1] 0.00ns  loc: /proj/xhdhdstaff2/kalib/sprite_makefile_dev/apps/cpp/getting_started/dependence_inter/src/mean_value.cpp:83
:5  %tmp_4_cast = zext i13 %tmp_4 to i32

ST_12: local_buffer_addr_2 (57)  [1/1] 0.00ns  loc: /proj/xhdhdstaff2/kalib/sprite_makefile_dev/apps/cpp/getting_started/dependence_inter/src/mean_value.cpp:83
:6  %local_buffer_addr_2 = getelementptr inbounds [2048 x i32]* %local_buffer, i32 0, i32 %tmp_4_cast

ST_12: local_buffer_load (58)  [2/2] 2.77ns  loc: /proj/xhdhdstaff2/kalib/sprite_makefile_dev/apps/cpp/getting_started/dependence_inter/src/mean_value.cpp:83
:7  %local_buffer_load = load i32* %local_buffer_addr_2, align 4

ST_12: local_buffer_load_3 (85)  [2/2] 2.77ns  loc: /proj/xhdhdstaff2/kalib/sprite_makefile_dev/apps/cpp/getting_started/dependence_inter/src/mean_value.cpp:88
:0  %local_buffer_load_3 = load i32* %local_buffer_addr_1, align 4

ST_12: local_buffer_addr_6 (86)  [1/1] 0.00ns  loc: /proj/xhdhdstaff2/kalib/sprite_makefile_dev/apps/cpp/getting_started/dependence_inter/src/mean_value.cpp:88
:1  %local_buffer_addr_6 = getelementptr inbounds [2048 x i32]* %local_buffer, i32 0, i32 1

ST_12: local_buffer_load_4 (87)  [2/2] 2.77ns  loc: /proj/xhdhdstaff2/kalib/sprite_makefile_dev/apps/cpp/getting_started/dependence_inter/src/mean_value.cpp:88
:2  %local_buffer_load_4 = load i32* %local_buffer_addr_6, align 4


 <State 13>: 5.11ns
ST_13: local_buffer_load (58)  [1/2] 2.77ns  loc: /proj/xhdhdstaff2/kalib/sprite_makefile_dev/apps/cpp/getting_started/dependence_inter/src/mean_value.cpp:83
:7  %local_buffer_load = load i32* %local_buffer_addr_2, align 4

ST_13: i_2 (61)  [1/1] 2.34ns  loc: /proj/xhdhdstaff2/kalib/sprite_makefile_dev/apps/cpp/getting_started/dependence_inter/src/mean_value.cpp:83
:10  %i_2 = add i31 1, %i1

ST_13: i_2_cast (62)  [1/1] 0.00ns  loc: /proj/xhdhdstaff2/kalib/sprite_makefile_dev/apps/cpp/getting_started/dependence_inter/src/mean_value.cpp:83
:11  %i_2_cast = zext i31 %i_2 to i32

ST_13: local_buffer_addr_4 (63)  [1/1] 0.00ns  loc: /proj/xhdhdstaff2/kalib/sprite_makefile_dev/apps/cpp/getting_started/dependence_inter/src/mean_value.cpp:83
:12  %local_buffer_addr_4 = getelementptr inbounds [2048 x i32]* %local_buffer, i32 0, i32 %i_2_cast

ST_13: local_buffer_load_2 (64)  [2/2] 2.77ns  loc: /proj/xhdhdstaff2/kalib/sprite_makefile_dev/apps/cpp/getting_started/dependence_inter/src/mean_value.cpp:83
:13  %local_buffer_load_2 = load i32* %local_buffer_addr_4, align 4


 <State 14>: 2.77ns
ST_14: local_buffer_addr_3 (59)  [1/1] 0.00ns  loc: /proj/xhdhdstaff2/kalib/sprite_makefile_dev/apps/cpp/getting_started/dependence_inter/src/mean_value.cpp:83
:8  %local_buffer_addr_3 = getelementptr inbounds [2048 x i32]* %local_buffer, i32 0, i32 %i1_cast

ST_14: local_buffer_load_1 (60)  [2/2] 2.77ns  loc: /proj/xhdhdstaff2/kalib/sprite_makefile_dev/apps/cpp/getting_started/dependence_inter/src/mean_value.cpp:83
:9  %local_buffer_load_1 = load i32* %local_buffer_addr_3, align 4

ST_14: local_buffer_load_2 (64)  [1/2] 2.77ns  loc: /proj/xhdhdstaff2/kalib/sprite_makefile_dev/apps/cpp/getting_started/dependence_inter/src/mean_value.cpp:83
:13  %local_buffer_load_2 = load i32* %local_buffer_addr_4, align 4


 <State 15>: 4.56ns
ST_15: local_buffer_load_1 (60)  [1/2] 2.77ns  loc: /proj/xhdhdstaff2/kalib/sprite_makefile_dev/apps/cpp/getting_started/dependence_inter/src/mean_value.cpp:83
:9  %local_buffer_load_1 = load i32* %local_buffer_addr_3, align 4

ST_15: tmp1 (65)  [1/1] 1.79ns  loc: /proj/xhdhdstaff2/kalib/sprite_makefile_dev/apps/cpp/getting_started/dependence_inter/src/mean_value.cpp:83
:14  %tmp1 = add i32 %local_buffer_load_2, %local_buffer_load

ST_15: tmp_7 (66)  [1/1] 1.79ns  loc: /proj/xhdhdstaff2/kalib/sprite_makefile_dev/apps/cpp/getting_started/dependence_inter/src/mean_value.cpp:83
:15  %tmp_7 = add i32 %local_buffer_load_1, %tmp1

ST_15: tmp_27 (70)  [1/1] 0.00ns  loc: /proj/xhdhdstaff2/kalib/sprite_makefile_dev/apps/cpp/getting_started/dependence_inter/src/mean_value.cpp:83
:19  %tmp_27 = call i1 @_ssdm_op_BitSelect.i1.i32.i32(i32 %tmp_7, i32 31)


 <State 16>: 5.79ns
ST_16: sext_cast (67)  [1/1] 0.00ns  loc: /proj/xhdhdstaff2/kalib/sprite_makefile_dev/apps/cpp/getting_started/dependence_inter/src/mean_value.cpp:83
:16  %sext_cast = sext i32 %tmp_7 to i65

ST_16: mul (68)  [2/2] 5.79ns  loc: /proj/xhdhdstaff2/kalib/sprite_makefile_dev/apps/cpp/getting_started/dependence_inter/src/mean_value.cpp:83
:17  %mul = mul i65 5726623062, %sext_cast


 <State 17>: 5.79ns
ST_17: mul (68)  [1/2] 5.79ns  loc: /proj/xhdhdstaff2/kalib/sprite_makefile_dev/apps/cpp/getting_started/dependence_inter/src/mean_value.cpp:83
:17  %mul = mul i65 5726623062, %sext_cast

ST_17: tmp_29 (73)  [1/1] 0.00ns  loc: /proj/xhdhdstaff2/kalib/sprite_makefile_dev/apps/cpp/getting_started/dependence_inter/src/mean_value.cpp:83
:22  %tmp_29 = call i31 @_ssdm_op_PartSelect.i31.i65.i32.i32(i65 %mul, i32 34, i32 64)


 <State 18>: 5.52ns
ST_18: neg_mul (69)  [1/1] 3.18ns  loc: /proj/xhdhdstaff2/kalib/sprite_makefile_dev/apps/cpp/getting_started/dependence_inter/src/mean_value.cpp:83
:18  %neg_mul = sub i65 0, %mul

ST_18: tmp_28 (71)  [1/1] 0.00ns  loc: /proj/xhdhdstaff2/kalib/sprite_makefile_dev/apps/cpp/getting_started/dependence_inter/src/mean_value.cpp:83 (grouped into LUT with out node neg_ti)
:20  %tmp_28 = call i31 @_ssdm_op_PartSelect.i31.i65.i32.i32(i65 %neg_mul, i32 34, i32 64)

ST_18: tmp_19 (72)  [1/1] 0.00ns  loc: /proj/xhdhdstaff2/kalib/sprite_makefile_dev/apps/cpp/getting_started/dependence_inter/src/mean_value.cpp:83 (grouped into LUT with out node neg_ti)
:21  %tmp_19 = sext i31 %tmp_28 to i32

ST_18: tmp_20 (74)  [1/1] 0.00ns  loc: /proj/xhdhdstaff2/kalib/sprite_makefile_dev/apps/cpp/getting_started/dependence_inter/src/mean_value.cpp:83
:23  %tmp_20 = sext i31 %tmp_29 to i32

ST_18: tmp_21 (75)  [1/1] 0.00ns  loc: /proj/xhdhdstaff2/kalib/sprite_makefile_dev/apps/cpp/getting_started/dependence_inter/src/mean_value.cpp:83 (grouped into LUT with out node neg_ti)
:24  %tmp_21 = select i1 %tmp_27, i32 %tmp_19, i32 %tmp_20

ST_18: neg_ti (76)  [1/1] 2.34ns  loc: /proj/xhdhdstaff2/kalib/sprite_makefile_dev/apps/cpp/getting_started/dependence_inter/src/mean_value.cpp:83 (out node of the LUT)
:25  %neg_ti = sub i32 0, %tmp_21


 <State 19>: 4.67ns
ST_19: StgValue_111 (51)  [1/1] 0.00ns  loc: /proj/xhdhdstaff2/kalib/sprite_makefile_dev/apps/cpp/getting_started/dependence_inter/src/mean_value.cpp:69
:0  call void (...)* @_ssdm_op_SpecLoopName([8 x i8]* @p_str6) nounwind

ST_19: tmp_16 (52)  [1/1] 0.00ns  loc: /proj/xhdhdstaff2/kalib/sprite_makefile_dev/apps/cpp/getting_started/dependence_inter/src/mean_value.cpp:69
:1  %tmp_16 = call i32 (...)* @_ssdm_op_SpecRegionBegin([8 x i8]* @p_str6) nounwind

ST_19: StgValue_113 (53)  [1/1] 0.00ns  loc: /proj/xhdhdstaff2/kalib/sprite_makefile_dev/apps/cpp/getting_started/dependence_inter/src/mean_value.cpp:70
:2  call void (...)* @_ssdm_op_SpecLoopTripCount(i32 254, i32 254, i32 254, [1 x i8]* @p_str) nounwind

ST_19: tmp_8 (77)  [1/1] 1.68ns  loc: /proj/xhdhdstaff2/kalib/sprite_makefile_dev/apps/cpp/getting_started/dependence_inter/src/mean_value.cpp:83
:26  %tmp_8 = select i1 %tmp_27, i32 %neg_ti, i32 %tmp_20

ST_19: tmp_9 (78)  [1/1] 1.90ns  loc: /proj/xhdhdstaff2/kalib/sprite_makefile_dev/apps/cpp/getting_started/dependence_inter/src/mean_value.cpp:83
:27  %tmp_9 = add i13 1024, %tmp_26

ST_19: tmp_9_cast (79)  [1/1] 0.00ns  loc: /proj/xhdhdstaff2/kalib/sprite_makefile_dev/apps/cpp/getting_started/dependence_inter/src/mean_value.cpp:83
:28  %tmp_9_cast = zext i13 %tmp_9 to i32

ST_19: local_buffer_addr_5 (80)  [1/1] 0.00ns  loc: /proj/xhdhdstaff2/kalib/sprite_makefile_dev/apps/cpp/getting_started/dependence_inter/src/mean_value.cpp:83
:29  %local_buffer_addr_5 = getelementptr inbounds [2048 x i32]* %local_buffer, i32 0, i32 %tmp_9_cast

ST_19: StgValue_118 (81)  [1/1] 2.77ns  loc: /proj/xhdhdstaff2/kalib/sprite_makefile_dev/apps/cpp/getting_started/dependence_inter/src/mean_value.cpp:83
:30  store i32 %tmp_8, i32* %local_buffer_addr_5, align 4

ST_19: empty_7 (82)  [1/1] 0.00ns  loc: /proj/xhdhdstaff2/kalib/sprite_makefile_dev/apps/cpp/getting_started/dependence_inter/src/mean_value.cpp:85
:31  %empty_7 = call i32 (...)* @_ssdm_op_SpecRegionEnd([8 x i8]* @p_str6, i32 %tmp_16) nounwind

ST_19: StgValue_120 (83)  [1/1] 0.00ns  loc: /proj/xhdhdstaff2/kalib/sprite_makefile_dev/apps/cpp/getting_started/dependence_inter/src/mean_value.cpp:69
:32  br label %.preheader


 <State 20>: 5.14ns
ST_20: local_buffer_load_3 (85)  [1/2] 2.77ns  loc: /proj/xhdhdstaff2/kalib/sprite_makefile_dev/apps/cpp/getting_started/dependence_inter/src/mean_value.cpp:88
:0  %local_buffer_load_3 = load i32* %local_buffer_addr_1, align 4

ST_20: local_buffer_load_4 (87)  [1/2] 2.77ns  loc: /proj/xhdhdstaff2/kalib/sprite_makefile_dev/apps/cpp/getting_started/dependence_inter/src/mean_value.cpp:88
:2  %local_buffer_load_4 = load i32* %local_buffer_addr_6, align 4

ST_20: tmp_s (88)  [1/1] 2.37ns  loc: /proj/xhdhdstaff2/kalib/sprite_makefile_dev/apps/cpp/getting_started/dependence_inter/src/mean_value.cpp:88
:3  %tmp_s = add nsw i32 %local_buffer_load_4, %local_buffer_load_3

ST_20: tmp_30 (89)  [1/1] 0.00ns  loc: /proj/xhdhdstaff2/kalib/sprite_makefile_dev/apps/cpp/getting_started/dependence_inter/src/mean_value.cpp:88
:4  %tmp_30 = call i1 @_ssdm_op_BitSelect.i1.i32.i32(i32 %tmp_s, i32 31)

ST_20: p_lshr_f6 (94)  [1/1] 0.00ns  loc: /proj/xhdhdstaff2/kalib/sprite_makefile_dev/apps/cpp/getting_started/dependence_inter/src/mean_value.cpp:88
:9  %p_lshr_f6 = call i31 @_ssdm_op_PartSelect.i31.i32.i32.i32(i32 %tmp_s, i32 1, i32 31)


 <State 21>: 4.71ns
ST_21: p_neg3 (90)  [1/1] 2.37ns  loc: /proj/xhdhdstaff2/kalib/sprite_makefile_dev/apps/cpp/getting_started/dependence_inter/src/mean_value.cpp:88
:5  %p_neg3 = sub i32 0, %tmp_s

ST_21: p_lshr4 (91)  [1/1] 0.00ns  loc: /proj/xhdhdstaff2/kalib/sprite_makefile_dev/apps/cpp/getting_started/dependence_inter/src/mean_value.cpp:88
:6  %p_lshr4 = call i31 @_ssdm_op_PartSelect.i31.i32.i32.i32(i32 %p_neg3, i32 1, i32 31)

ST_21: tmp_22 (92)  [1/1] 0.00ns  loc: /proj/xhdhdstaff2/kalib/sprite_makefile_dev/apps/cpp/getting_started/dependence_inter/src/mean_value.cpp:88
:7  %tmp_22 = zext i31 %p_lshr4 to i32

ST_21: p_neg_t5 (93)  [1/1] 2.34ns  loc: /proj/xhdhdstaff2/kalib/sprite_makefile_dev/apps/cpp/getting_started/dependence_inter/src/mean_value.cpp:88
:8  %p_neg_t5 = sub i32 0, %tmp_22


 <State 22>: 4.45ns
ST_22: tmp_23 (95)  [1/1] 0.00ns  loc: /proj/xhdhdstaff2/kalib/sprite_makefile_dev/apps/cpp/getting_started/dependence_inter/src/mean_value.cpp:88
:10  %tmp_23 = zext i31 %p_lshr_f6 to i32

ST_22: tmp_1 (96)  [1/1] 1.68ns  loc: /proj/xhdhdstaff2/kalib/sprite_makefile_dev/apps/cpp/getting_started/dependence_inter/src/mean_value.cpp:88
:11  %tmp_1 = select i1 %tmp_30, i32 %p_neg_t5, i32 %tmp_23

ST_22: local_buffer_addr_7 (97)  [1/1] 0.00ns  loc: /proj/xhdhdstaff2/kalib/sprite_makefile_dev/apps/cpp/getting_started/dependence_inter/src/mean_value.cpp:88
:12  %local_buffer_addr_7 = getelementptr inbounds [2048 x i32]* %local_buffer, i32 0, i32 1024

ST_22: StgValue_133 (98)  [1/1] 2.77ns  loc: /proj/xhdhdstaff2/kalib/sprite_makefile_dev/apps/cpp/getting_started/dependence_inter/src/mean_value.cpp:88
:13  store i32 %tmp_1, i32* %local_buffer_addr_7, align 4


 <State 23>: 4.67ns
ST_23: local_buffer_addr_8 (99)  [1/1] 0.00ns  loc: /proj/xhdhdstaff2/kalib/sprite_makefile_dev/apps/cpp/getting_started/dependence_inter/src/mean_value.cpp:89
:14  %local_buffer_addr_8 = getelementptr inbounds [2048 x i32]* %local_buffer, i32 0, i32 %tmp_2

ST_23: local_buffer_load_5 (100)  [2/2] 2.77ns  loc: /proj/xhdhdstaff2/kalib/sprite_makefile_dev/apps/cpp/getting_started/dependence_inter/src/mean_value.cpp:89
:15  %local_buffer_load_5 = load i32* %local_buffer_addr_8, align 4

ST_23: tmp_31 (101)  [1/1] 0.00ns  loc: /proj/xhdhdstaff2/kalib/sprite_makefile_dev/apps/cpp/getting_started/dependence_inter/src/mean_value.cpp:89
:16  %tmp_31 = trunc i32 %size_read to i13

ST_23: tmp_5 (102)  [1/1] 1.90ns  loc: /proj/xhdhdstaff2/kalib/sprite_makefile_dev/apps/cpp/getting_started/dependence_inter/src/mean_value.cpp:89
:17  %tmp_5 = add i13 -2, %tmp_31

ST_23: tmp_5_cast (103)  [1/1] 0.00ns  loc: /proj/xhdhdstaff2/kalib/sprite_makefile_dev/apps/cpp/getting_started/dependence_inter/src/mean_value.cpp:89
:18  %tmp_5_cast = zext i13 %tmp_5 to i32

ST_23: local_buffer_addr_9 (104)  [1/1] 0.00ns  loc: /proj/xhdhdstaff2/kalib/sprite_makefile_dev/apps/cpp/getting_started/dependence_inter/src/mean_value.cpp:89
:19  %local_buffer_addr_9 = getelementptr inbounds [2048 x i32]* %local_buffer, i32 0, i32 %tmp_5_cast

ST_23: local_buffer_load_6 (105)  [2/2] 2.77ns  loc: /proj/xhdhdstaff2/kalib/sprite_makefile_dev/apps/cpp/getting_started/dependence_inter/src/mean_value.cpp:89
:20  %local_buffer_load_6 = load i32* %local_buffer_addr_9, align 4


 <State 24>: 5.14ns
ST_24: local_buffer_load_5 (100)  [1/2] 2.77ns  loc: /proj/xhdhdstaff2/kalib/sprite_makefile_dev/apps/cpp/getting_started/dependence_inter/src/mean_value.cpp:89
:15  %local_buffer_load_5 = load i32* %local_buffer_addr_8, align 4

ST_24: local_buffer_load_6 (105)  [1/2] 2.77ns  loc: /proj/xhdhdstaff2/kalib/sprite_makefile_dev/apps/cpp/getting_started/dependence_inter/src/mean_value.cpp:89
:20  %local_buffer_load_6 = load i32* %local_buffer_addr_9, align 4

ST_24: tmp_10 (106)  [1/1] 2.37ns  loc: /proj/xhdhdstaff2/kalib/sprite_makefile_dev/apps/cpp/getting_started/dependence_inter/src/mean_value.cpp:89
:21  %tmp_10 = add nsw i32 %local_buffer_load_6, %local_buffer_load_5

ST_24: tmp_32 (107)  [1/1] 0.00ns  loc: /proj/xhdhdstaff2/kalib/sprite_makefile_dev/apps/cpp/getting_started/dependence_inter/src/mean_value.cpp:89
:22  %tmp_32 = call i1 @_ssdm_op_BitSelect.i1.i32.i32(i32 %tmp_10, i32 31)

ST_24: p_lshr_f (112)  [1/1] 0.00ns  loc: /proj/xhdhdstaff2/kalib/sprite_makefile_dev/apps/cpp/getting_started/dependence_inter/src/mean_value.cpp:89
:27  %p_lshr_f = call i31 @_ssdm_op_PartSelect.i31.i32.i32.i32(i32 %tmp_10, i32 1, i32 31)


 <State 25>: 4.71ns
ST_25: p_neg (108)  [1/1] 2.37ns  loc: /proj/xhdhdstaff2/kalib/sprite_makefile_dev/apps/cpp/getting_started/dependence_inter/src/mean_value.cpp:89
:23  %p_neg = sub i32 0, %tmp_10

ST_25: p_lshr (109)  [1/1] 0.00ns  loc: /proj/xhdhdstaff2/kalib/sprite_makefile_dev/apps/cpp/getting_started/dependence_inter/src/mean_value.cpp:89
:24  %p_lshr = call i31 @_ssdm_op_PartSelect.i31.i32.i32.i32(i32 %p_neg, i32 1, i32 31)

ST_25: tmp_24 (110)  [1/1] 0.00ns  loc: /proj/xhdhdstaff2/kalib/sprite_makefile_dev/apps/cpp/getting_started/dependence_inter/src/mean_value.cpp:89
:25  %tmp_24 = zext i31 %p_lshr to i32

ST_25: p_neg_t (111)  [1/1] 2.34ns  loc: /proj/xhdhdstaff2/kalib/sprite_makefile_dev/apps/cpp/getting_started/dependence_inter/src/mean_value.cpp:89
:26  %p_neg_t = sub i32 0, %tmp_24


 <State 26>: 6.13ns
ST_26: tmp_25 (113)  [1/1] 0.00ns  loc: /proj/xhdhdstaff2/kalib/sprite_makefile_dev/apps/cpp/getting_started/dependence_inter/src/mean_value.cpp:89
:28  %tmp_25 = zext i31 %p_lshr_f to i32

ST_26: tmp_11 (114)  [1/1] 1.68ns  loc: /proj/xhdhdstaff2/kalib/sprite_makefile_dev/apps/cpp/getting_started/dependence_inter/src/mean_value.cpp:89
:29  %tmp_11 = select i1 %tmp_32, i32 %p_neg_t, i32 %tmp_25

ST_26: tmp_12 (115)  [1/1] 1.90ns  loc: /proj/xhdhdstaff2/kalib/sprite_makefile_dev/apps/cpp/getting_started/dependence_inter/src/mean_value.cpp:89
:30  %tmp_12 = add i13 1023, %tmp_31

ST_26: tmp_12_cast (116)  [1/1] 0.00ns  loc: /proj/xhdhdstaff2/kalib/sprite_makefile_dev/apps/cpp/getting_started/dependence_inter/src/mean_value.cpp:89
:31  %tmp_12_cast = zext i13 %tmp_12 to i32

ST_26: local_buffer_addr_10 (117)  [1/1] 0.00ns  loc: /proj/xhdhdstaff2/kalib/sprite_makefile_dev/apps/cpp/getting_started/dependence_inter/src/mean_value.cpp:89
:32  %local_buffer_addr_10 = getelementptr inbounds [2048 x i32]* %local_buffer, i32 0, i32 %tmp_12_cast

ST_26: StgValue_155 (118)  [1/1] 2.77ns  loc: /proj/xhdhdstaff2/kalib/sprite_makefile_dev/apps/cpp/getting_started/dependence_inter/src/mean_value.cpp:89
:33  store i32 %tmp_11, i32* %local_buffer_addr_10, align 4

ST_26: out_addr_1_wr_req (119)  [1/1] 6.13ns  loc: /proj/xhdhdstaff2/kalib/sprite_makefile_dev/apps/cpp/getting_started/dependence_inter/src/mean_value.cpp:96
:34  %out_addr_1_wr_req = call i1 @_ssdm_op_WriteReq.m_axi.i32P(i32* %out_addr, i32 %size_read)

ST_26: StgValue_157 (120)  [1/1] 1.30ns  loc: /proj/xhdhdstaff2/kalib/sprite_makefile_dev/apps/cpp/getting_started/dependence_inter/src/mean_value.cpp:93
:35  br label %5


 <State 27>: 4.67ns
ST_27: i2 (122)  [1/1] 0.00ns
:0  %i2 = phi i31 [ 0, %4 ], [ %i_3, %6 ]

ST_27: i2_cast (123)  [1/1] 0.00ns  loc: /proj/xhdhdstaff2/kalib/sprite_makefile_dev/apps/cpp/getting_started/dependence_inter/src/mean_value.cpp:93
:1  %i2_cast = zext i31 %i2 to i32

ST_27: tmp_13 (124)  [1/1] 2.67ns  loc: /proj/xhdhdstaff2/kalib/sprite_makefile_dev/apps/cpp/getting_started/dependence_inter/src/mean_value.cpp:93
:2  %tmp_13 = icmp slt i32 %i2_cast, %size_read

ST_27: i_3 (125)  [1/1] 2.34ns  loc: /proj/xhdhdstaff2/kalib/sprite_makefile_dev/apps/cpp/getting_started/dependence_inter/src/mean_value.cpp:93
:3  %i_3 = add i31 %i2, 1

ST_27: StgValue_162 (126)  [1/1] 0.00ns  loc: /proj/xhdhdstaff2/kalib/sprite_makefile_dev/apps/cpp/getting_started/dependence_inter/src/mean_value.cpp:93
:4  br i1 %tmp_13, label %6, label %7

ST_27: tmp_33 (128)  [1/1] 0.00ns  loc: /proj/xhdhdstaff2/kalib/sprite_makefile_dev/apps/cpp/getting_started/dependence_inter/src/mean_value.cpp:93
:0  %tmp_33 = trunc i31 %i2 to i13

ST_27: tmp_14 (133)  [1/1] 1.90ns  loc: /proj/xhdhdstaff2/kalib/sprite_makefile_dev/apps/cpp/getting_started/dependence_inter/src/mean_value.cpp:96
:5  %tmp_14 = add i13 1024, %tmp_33

ST_27: tmp_14_cast (134)  [1/1] 0.00ns  loc: /proj/xhdhdstaff2/kalib/sprite_makefile_dev/apps/cpp/getting_started/dependence_inter/src/mean_value.cpp:96
:6  %tmp_14_cast = sext i13 %tmp_14 to i32

ST_27: local_buffer_addr_11 (135)  [1/1] 0.00ns  loc: /proj/xhdhdstaff2/kalib/sprite_makefile_dev/apps/cpp/getting_started/dependence_inter/src/mean_value.cpp:96
:7  %local_buffer_addr_11 = getelementptr inbounds [2048 x i32]* %local_buffer, i32 0, i32 %tmp_14_cast

ST_27: local_buffer_load_7 (136)  [2/2] 2.77ns  loc: /proj/xhdhdstaff2/kalib/sprite_makefile_dev/apps/cpp/getting_started/dependence_inter/src/mean_value.cpp:96
:8  %local_buffer_load_7 = load i32* %local_buffer_addr_11, align 4


 <State 28>: 2.77ns
ST_28: local_buffer_load_7 (136)  [1/2] 2.77ns  loc: /proj/xhdhdstaff2/kalib/sprite_makefile_dev/apps/cpp/getting_started/dependence_inter/src/mean_value.cpp:96
:8  %local_buffer_load_7 = load i32* %local_buffer_addr_11, align 4


 <State 29>: 6.13ns
ST_29: StgValue_169 (129)  [1/1] 0.00ns  loc: /proj/xhdhdstaff2/kalib/sprite_makefile_dev/apps/cpp/getting_started/dependence_inter/src/mean_value.cpp:93
:1  call void (...)* @_ssdm_op_SpecLoopName([13 x i8]* @p_str7) nounwind

ST_29: tmp_17 (130)  [1/1] 0.00ns  loc: /proj/xhdhdstaff2/kalib/sprite_makefile_dev/apps/cpp/getting_started/dependence_inter/src/mean_value.cpp:93
:2  %tmp_17 = call i32 (...)* @_ssdm_op_SpecRegionBegin([13 x i8]* @p_str7) nounwind

ST_29: StgValue_171 (131)  [1/1] 0.00ns  loc: /proj/xhdhdstaff2/kalib/sprite_makefile_dev/apps/cpp/getting_started/dependence_inter/src/mean_value.cpp:94
:3  call void (...)* @_ssdm_op_SpecPipeline(i32 -1, i32 1, i32 1, i32 0, [1 x i8]* @p_str) nounwind

ST_29: StgValue_172 (132)  [1/1] 0.00ns  loc: /proj/xhdhdstaff2/kalib/sprite_makefile_dev/apps/cpp/getting_started/dependence_inter/src/mean_value.cpp:95
:4  call void (...)* @_ssdm_op_SpecLoopTripCount(i32 254, i32 254, i32 254, [1 x i8]* @p_str) nounwind

ST_29: StgValue_173 (137)  [1/1] 6.13ns  loc: /proj/xhdhdstaff2/kalib/sprite_makefile_dev/apps/cpp/getting_started/dependence_inter/src/mean_value.cpp:96
:9  call void @_ssdm_op_Write.m_axi.i32P(i32* %out_addr, i32 %local_buffer_load_7, i4 -1)

ST_29: empty_8 (138)  [1/1] 0.00ns  loc: /proj/xhdhdstaff2/kalib/sprite_makefile_dev/apps/cpp/getting_started/dependence_inter/src/mean_value.cpp:97
:10  %empty_8 = call i32 (...)* @_ssdm_op_SpecRegionEnd([13 x i8]* @p_str7, i32 %tmp_17) nounwind

ST_29: StgValue_175 (139)  [1/1] 0.00ns  loc: /proj/xhdhdstaff2/kalib/sprite_makefile_dev/apps/cpp/getting_started/dependence_inter/src/mean_value.cpp:93
:11  br label %5


 <State 30>: 6.13ns
ST_30: out_addr_1_wr_resp (141)  [5/5] 6.13ns  loc: /proj/xhdhdstaff2/kalib/sprite_makefile_dev/apps/cpp/getting_started/dependence_inter/src/mean_value.cpp:96
:0  %out_addr_1_wr_resp = call i1 @_ssdm_op_WriteResp.m_axi.i32P(i32* %out_addr)


 <State 31>: 6.13ns
ST_31: out_addr_1_wr_resp (141)  [4/5] 6.13ns  loc: /proj/xhdhdstaff2/kalib/sprite_makefile_dev/apps/cpp/getting_started/dependence_inter/src/mean_value.cpp:96
:0  %out_addr_1_wr_resp = call i1 @_ssdm_op_WriteResp.m_axi.i32P(i32* %out_addr)


 <State 32>: 6.13ns
ST_32: out_addr_1_wr_resp (141)  [3/5] 6.13ns  loc: /proj/xhdhdstaff2/kalib/sprite_makefile_dev/apps/cpp/getting_started/dependence_inter/src/mean_value.cpp:96
:0  %out_addr_1_wr_resp = call i1 @_ssdm_op_WriteResp.m_axi.i32P(i32* %out_addr)


 <State 33>: 6.13ns
ST_33: out_addr_1_wr_resp (141)  [2/5] 6.13ns  loc: /proj/xhdhdstaff2/kalib/sprite_makefile_dev/apps/cpp/getting_started/dependence_inter/src/mean_value.cpp:96
:0  %out_addr_1_wr_resp = call i1 @_ssdm_op_WriteResp.m_axi.i32P(i32* %out_addr)


 <State 34>: 6.13ns
ST_34: out_addr_1_wr_resp (141)  [1/5] 6.13ns  loc: /proj/xhdhdstaff2/kalib/sprite_makefile_dev/apps/cpp/getting_started/dependence_inter/src/mean_value.cpp:96
:0  %out_addr_1_wr_resp = call i1 @_ssdm_op_WriteResp.m_axi.i32P(i32* %out_addr)

ST_34: StgValue_181 (142)  [1/1] 0.00ns  loc: /proj/xhdhdstaff2/kalib/sprite_makefile_dev/apps/cpp/getting_started/dependence_inter/src/mean_value.cpp:98
:1  ret void



============================================================
+ Verbose Summary: Timing violations
============================================================
Target clock period: 7ns, clock uncertainty: 0.875ns.

 <State 1>: 6.13ns
The critical path consists of the following:
	wire read on port 'size' [6]  (0 ns)
	bus request on port 'in_r' (/proj/xhdhdstaff2/kalib/sprite_makefile_dev/apps/cpp/getting_started/dependence_inter/src/mean_value.cpp:65) [23]  (6.13 ns)

 <State 2>: 6.13ns
The critical path consists of the following:
	bus request on port 'in_r' (/proj/xhdhdstaff2/kalib/sprite_makefile_dev/apps/cpp/getting_started/dependence_inter/src/mean_value.cpp:65) [23]  (6.13 ns)

 <State 3>: 6.13ns
The critical path consists of the following:
	bus request on port 'in_r' (/proj/xhdhdstaff2/kalib/sprite_makefile_dev/apps/cpp/getting_started/dependence_inter/src/mean_value.cpp:65) [23]  (6.13 ns)

 <State 4>: 6.13ns
The critical path consists of the following:
	bus request on port 'in_r' (/proj/xhdhdstaff2/kalib/sprite_makefile_dev/apps/cpp/getting_started/dependence_inter/src/mean_value.cpp:65) [23]  (6.13 ns)

 <State 5>: 6.13ns
The critical path consists of the following:
	bus request on port 'in_r' (/proj/xhdhdstaff2/kalib/sprite_makefile_dev/apps/cpp/getting_started/dependence_inter/src/mean_value.cpp:65) [23]  (6.13 ns)

 <State 6>: 6.13ns
The critical path consists of the following:
	bus request on port 'in_r' (/proj/xhdhdstaff2/kalib/sprite_makefile_dev/apps/cpp/getting_started/dependence_inter/src/mean_value.cpp:65) [23]  (6.13 ns)

 <State 7>: 6.13ns
The critical path consists of the following:
	bus request on port 'in_r' (/proj/xhdhdstaff2/kalib/sprite_makefile_dev/apps/cpp/getting_started/dependence_inter/src/mean_value.cpp:65) [23]  (6.13 ns)

 <State 8>: 2.67ns
The critical path consists of the following:
	'phi' operation ('i') with incoming values : ('i', /proj/xhdhdstaff2/kalib/sprite_makefile_dev/apps/cpp/getting_started/dependence_inter/src/mean_value.cpp:62) [26]  (0 ns)
	'icmp' operation ('tmp', /proj/xhdhdstaff2/kalib/sprite_makefile_dev/apps/cpp/getting_started/dependence_inter/src/mean_value.cpp:62) [28]  (2.67 ns)

 <State 9>: 6.13ns
The critical path consists of the following:
	bus read on port 'in_r' (/proj/xhdhdstaff2/kalib/sprite_makefile_dev/apps/cpp/getting_started/dependence_inter/src/mean_value.cpp:65) [36]  (6.13 ns)

 <State 10>: 2.77ns
The critical path consists of the following:
	'getelementptr' operation ('local_buffer_addr', /proj/xhdhdstaff2/kalib/sprite_makefile_dev/apps/cpp/getting_started/dependence_inter/src/mean_value.cpp:65) [37]  (0 ns)
	'store' operation (/proj/xhdhdstaff2/kalib/sprite_makefile_dev/apps/cpp/getting_started/dependence_inter/src/mean_value.cpp:65) of variable 'in_addr_read', /proj/xhdhdstaff2/kalib/sprite_makefile_dev/apps/cpp/getting_started/dependence_inter/src/mean_value.cpp:65 on array 'local_buffer', /proj/xhdhdstaff2/kalib/sprite_makefile_dev/apps/cpp/getting_started/dependence_inter/src/mean_value.cpp:59 [38]  (2.77 ns)

 <State 11>: 2.37ns
The critical path consists of the following:
	'add' operation ('tmp_2', /proj/xhdhdstaff2/kalib/sprite_makefile_dev/apps/cpp/getting_started/dependence_inter/src/mean_value.cpp:69) [42]  (2.37 ns)

 <State 12>: 4.67ns
The critical path consists of the following:
	'phi' operation ('i') with incoming values : ('i', /proj/xhdhdstaff2/kalib/sprite_makefile_dev/apps/cpp/getting_started/dependence_inter/src/mean_value.cpp:83) [46]  (0 ns)
	'add' operation ('tmp_4', /proj/xhdhdstaff2/kalib/sprite_makefile_dev/apps/cpp/getting_started/dependence_inter/src/mean_value.cpp:83) [55]  (1.9 ns)
	'getelementptr' operation ('local_buffer_addr_2', /proj/xhdhdstaff2/kalib/sprite_makefile_dev/apps/cpp/getting_started/dependence_inter/src/mean_value.cpp:83) [57]  (0 ns)
	'load' operation ('local_buffer_load', /proj/xhdhdstaff2/kalib/sprite_makefile_dev/apps/cpp/getting_started/dependence_inter/src/mean_value.cpp:83) on array 'local_buffer', /proj/xhdhdstaff2/kalib/sprite_makefile_dev/apps/cpp/getting_started/dependence_inter/src/mean_value.cpp:59 [58]  (2.77 ns)

 <State 13>: 5.11ns
The critical path consists of the following:
	'add' operation ('i', /proj/xhdhdstaff2/kalib/sprite_makefile_dev/apps/cpp/getting_started/dependence_inter/src/mean_value.cpp:83) [61]  (2.34 ns)
	'getelementptr' operation ('local_buffer_addr_4', /proj/xhdhdstaff2/kalib/sprite_makefile_dev/apps/cpp/getting_started/dependence_inter/src/mean_value.cpp:83) [63]  (0 ns)
	'load' operation ('local_buffer_load_2', /proj/xhdhdstaff2/kalib/sprite_makefile_dev/apps/cpp/getting_started/dependence_inter/src/mean_value.cpp:83) on array 'local_buffer', /proj/xhdhdstaff2/kalib/sprite_makefile_dev/apps/cpp/getting_started/dependence_inter/src/mean_value.cpp:59 [64]  (2.77 ns)

 <State 14>: 2.77ns
The critical path consists of the following:
	'getelementptr' operation ('local_buffer_addr_3', /proj/xhdhdstaff2/kalib/sprite_makefile_dev/apps/cpp/getting_started/dependence_inter/src/mean_value.cpp:83) [59]  (0 ns)
	'load' operation ('local_buffer_load_1', /proj/xhdhdstaff2/kalib/sprite_makefile_dev/apps/cpp/getting_started/dependence_inter/src/mean_value.cpp:83) on array 'local_buffer', /proj/xhdhdstaff2/kalib/sprite_makefile_dev/apps/cpp/getting_started/dependence_inter/src/mean_value.cpp:59 [60]  (2.77 ns)

 <State 15>: 4.56ns
The critical path consists of the following:
	'load' operation ('local_buffer_load_1', /proj/xhdhdstaff2/kalib/sprite_makefile_dev/apps/cpp/getting_started/dependence_inter/src/mean_value.cpp:83) on array 'local_buffer', /proj/xhdhdstaff2/kalib/sprite_makefile_dev/apps/cpp/getting_started/dependence_inter/src/mean_value.cpp:59 [60]  (2.77 ns)
	'add' operation ('tmp_7', /proj/xhdhdstaff2/kalib/sprite_makefile_dev/apps/cpp/getting_started/dependence_inter/src/mean_value.cpp:83) [66]  (1.79 ns)

 <State 16>: 5.79ns
The critical path consists of the following:
	'mul' operation ('mul', /proj/xhdhdstaff2/kalib/sprite_makefile_dev/apps/cpp/getting_started/dependence_inter/src/mean_value.cpp:83) [68]  (5.79 ns)

 <State 17>: 5.79ns
The critical path consists of the following:
	'mul' operation ('mul', /proj/xhdhdstaff2/kalib/sprite_makefile_dev/apps/cpp/getting_started/dependence_inter/src/mean_value.cpp:83) [68]  (5.79 ns)

 <State 18>: 5.52ns
The critical path consists of the following:
	'sub' operation ('neg_mul', /proj/xhdhdstaff2/kalib/sprite_makefile_dev/apps/cpp/getting_started/dependence_inter/src/mean_value.cpp:83) [69]  (3.18 ns)
	'select' operation ('tmp_21', /proj/xhdhdstaff2/kalib/sprite_makefile_dev/apps/cpp/getting_started/dependence_inter/src/mean_value.cpp:83) [75]  (0 ns)
	'sub' operation ('neg_ti', /proj/xhdhdstaff2/kalib/sprite_makefile_dev/apps/cpp/getting_started/dependence_inter/src/mean_value.cpp:83) [76]  (2.34 ns)

 <State 19>: 4.67ns
The critical path consists of the following:
	'add' operation ('tmp_9', /proj/xhdhdstaff2/kalib/sprite_makefile_dev/apps/cpp/getting_started/dependence_inter/src/mean_value.cpp:83) [78]  (1.9 ns)
	'getelementptr' operation ('local_buffer_addr_5', /proj/xhdhdstaff2/kalib/sprite_makefile_dev/apps/cpp/getting_started/dependence_inter/src/mean_value.cpp:83) [80]  (0 ns)
	'store' operation (/proj/xhdhdstaff2/kalib/sprite_makefile_dev/apps/cpp/getting_started/dependence_inter/src/mean_value.cpp:83) of variable 'tmp_8', /proj/xhdhdstaff2/kalib/sprite_makefile_dev/apps/cpp/getting_started/dependence_inter/src/mean_value.cpp:83 on array 'local_buffer', /proj/xhdhdstaff2/kalib/sprite_makefile_dev/apps/cpp/getting_started/dependence_inter/src/mean_value.cpp:59 [81]  (2.77 ns)

 <State 20>: 5.14ns
The critical path consists of the following:
	'load' operation ('local_buffer_load_3', /proj/xhdhdstaff2/kalib/sprite_makefile_dev/apps/cpp/getting_started/dependence_inter/src/mean_value.cpp:88) on array 'local_buffer', /proj/xhdhdstaff2/kalib/sprite_makefile_dev/apps/cpp/getting_started/dependence_inter/src/mean_value.cpp:59 [85]  (2.77 ns)
	'add' operation ('tmp_s', /proj/xhdhdstaff2/kalib/sprite_makefile_dev/apps/cpp/getting_started/dependence_inter/src/mean_value.cpp:88) [88]  (2.37 ns)

 <State 21>: 4.71ns
The critical path consists of the following:
	'sub' operation ('p_neg3', /proj/xhdhdstaff2/kalib/sprite_makefile_dev/apps/cpp/getting_started/dependence_inter/src/mean_value.cpp:88) [90]  (2.37 ns)
	'sub' operation ('p_neg_t5', /proj/xhdhdstaff2/kalib/sprite_makefile_dev/apps/cpp/getting_started/dependence_inter/src/mean_value.cpp:88) [93]  (2.34 ns)

 <State 22>: 4.45ns
The critical path consists of the following:
	'select' operation ('tmp_1', /proj/xhdhdstaff2/kalib/sprite_makefile_dev/apps/cpp/getting_started/dependence_inter/src/mean_value.cpp:88) [96]  (1.68 ns)
	'store' operation (/proj/xhdhdstaff2/kalib/sprite_makefile_dev/apps/cpp/getting_started/dependence_inter/src/mean_value.cpp:88) of variable 'tmp_1', /proj/xhdhdstaff2/kalib/sprite_makefile_dev/apps/cpp/getting_started/dependence_inter/src/mean_value.cpp:88 on array 'local_buffer', /proj/xhdhdstaff2/kalib/sprite_makefile_dev/apps/cpp/getting_started/dependence_inter/src/mean_value.cpp:59 [98]  (2.77 ns)

 <State 23>: 4.67ns
The critical path consists of the following:
	'add' operation ('tmp_5', /proj/xhdhdstaff2/kalib/sprite_makefile_dev/apps/cpp/getting_started/dependence_inter/src/mean_value.cpp:89) [102]  (1.9 ns)
	'getelementptr' operation ('local_buffer_addr_9', /proj/xhdhdstaff2/kalib/sprite_makefile_dev/apps/cpp/getting_started/dependence_inter/src/mean_value.cpp:89) [104]  (0 ns)
	'load' operation ('local_buffer_load_6', /proj/xhdhdstaff2/kalib/sprite_makefile_dev/apps/cpp/getting_started/dependence_inter/src/mean_value.cpp:89) on array 'local_buffer', /proj/xhdhdstaff2/kalib/sprite_makefile_dev/apps/cpp/getting_started/dependence_inter/src/mean_value.cpp:59 [105]  (2.77 ns)

 <State 24>: 5.14ns
The critical path consists of the following:
	'load' operation ('local_buffer_load_5', /proj/xhdhdstaff2/kalib/sprite_makefile_dev/apps/cpp/getting_started/dependence_inter/src/mean_value.cpp:89) on array 'local_buffer', /proj/xhdhdstaff2/kalib/sprite_makefile_dev/apps/cpp/getting_started/dependence_inter/src/mean_value.cpp:59 [100]  (2.77 ns)
	'add' operation ('tmp_10', /proj/xhdhdstaff2/kalib/sprite_makefile_dev/apps/cpp/getting_started/dependence_inter/src/mean_value.cpp:89) [106]  (2.37 ns)

 <State 25>: 4.71ns
The critical path consists of the following:
	'sub' operation ('p_neg', /proj/xhdhdstaff2/kalib/sprite_makefile_dev/apps/cpp/getting_started/dependence_inter/src/mean_value.cpp:89) [108]  (2.37 ns)
	'sub' operation ('p_neg_t', /proj/xhdhdstaff2/kalib/sprite_makefile_dev/apps/cpp/getting_started/dependence_inter/src/mean_value.cpp:89) [111]  (2.34 ns)

 <State 26>: 6.13ns
The critical path consists of the following:
	bus request on port 'out_r' (/proj/xhdhdstaff2/kalib/sprite_makefile_dev/apps/cpp/getting_started/dependence_inter/src/mean_value.cpp:96) [119]  (6.13 ns)

 <State 27>: 4.67ns
The critical path consists of the following:
	'phi' operation ('i') with incoming values : ('i', /proj/xhdhdstaff2/kalib/sprite_makefile_dev/apps/cpp/getting_started/dependence_inter/src/mean_value.cpp:93) [122]  (0 ns)
	'add' operation ('tmp_14', /proj/xhdhdstaff2/kalib/sprite_makefile_dev/apps/cpp/getting_started/dependence_inter/src/mean_value.cpp:96) [133]  (1.9 ns)
	'getelementptr' operation ('local_buffer_addr_11', /proj/xhdhdstaff2/kalib/sprite_makefile_dev/apps/cpp/getting_started/dependence_inter/src/mean_value.cpp:96) [135]  (0 ns)
	'load' operation ('local_buffer_load_7', /proj/xhdhdstaff2/kalib/sprite_makefile_dev/apps/cpp/getting_started/dependence_inter/src/mean_value.cpp:96) on array 'local_buffer', /proj/xhdhdstaff2/kalib/sprite_makefile_dev/apps/cpp/getting_started/dependence_inter/src/mean_value.cpp:59 [136]  (2.77 ns)

 <State 28>: 2.77ns
The critical path consists of the following:
	'load' operation ('local_buffer_load_7', /proj/xhdhdstaff2/kalib/sprite_makefile_dev/apps/cpp/getting_started/dependence_inter/src/mean_value.cpp:96) on array 'local_buffer', /proj/xhdhdstaff2/kalib/sprite_makefile_dev/apps/cpp/getting_started/dependence_inter/src/mean_value.cpp:59 [136]  (2.77 ns)

 <State 29>: 6.13ns
The critical path consists of the following:
	bus write on port 'out_r' (/proj/xhdhdstaff2/kalib/sprite_makefile_dev/apps/cpp/getting_started/dependence_inter/src/mean_value.cpp:96) [137]  (6.13 ns)

 <State 30>: 6.13ns
The critical path consists of the following:
	bus access on port 'out_r' (/proj/xhdhdstaff2/kalib/sprite_makefile_dev/apps/cpp/getting_started/dependence_inter/src/mean_value.cpp:96) [141]  (6.13 ns)

 <State 31>: 6.13ns
The critical path consists of the following:
	bus access on port 'out_r' (/proj/xhdhdstaff2/kalib/sprite_makefile_dev/apps/cpp/getting_started/dependence_inter/src/mean_value.cpp:96) [141]  (6.13 ns)

 <State 32>: 6.13ns
The critical path consists of the following:
	bus access on port 'out_r' (/proj/xhdhdstaff2/kalib/sprite_makefile_dev/apps/cpp/getting_started/dependence_inter/src/mean_value.cpp:96) [141]  (6.13 ns)

 <State 33>: 6.13ns
The critical path consists of the following:
	bus access on port 'out_r' (/proj/xhdhdstaff2/kalib/sprite_makefile_dev/apps/cpp/getting_started/dependence_inter/src/mean_value.cpp:96) [141]  (6.13 ns)

 <State 34>: 6.13ns
The critical path consists of the following:
	bus access on port 'out_r' (/proj/xhdhdstaff2/kalib/sprite_makefile_dev/apps/cpp/getting_started/dependence_inter/src/mean_value.cpp:96) [141]  (6.13 ns)


============================================================
+ Verbose Summary: Binding
============================================================
N/A
* FSMD analyzer results:
  - Output states:
 - Input state : 
  - Chain level:
	State 1
	State 2
	State 3
	State 4
	State 5
	State 6
	State 7
	State 8
	State 9
	State 10
	State 11
	State 12
	State 13
	State 14
	State 15
	State 16
	State 17
	State 18
	State 19
	State 20
	State 21
	State 22
	State 23
	State 24
	State 25
	State 26
	State 27
	State 28
	State 29
	State 30
	State 31
	State 32
	State 33
	State 34


============================================================
+ Verbose Summary: Datapath Resource usage 
============================================================
N/A
